51.255.43.108 - - [05/Jul/2020:10:37:01 +0200] "POST /tokens/jwt HTTP/1.1" 201 3472 "-" "GuzzleHttp/6.5.1 curl/7.52.1 PHP/7.1.33-8+0~20200202.31+debian9~1.gbp266c28"
51.255.43.108 - - [05/Jul/2020:10:37:01 +0200] "POST /emails/process/take HTTP/1.1" 404 240 "-" "GuzzleHttp/6.5.1 curl/7.52.1 PHP/7.1.33-8+0~20200202.31+debian9~1.gbp266c28"
51.210.12.113 - - [05/Jul/2020:10:38:00 +0200] "GET /studies?limit=100&offset=0&filter[gt_caDate]=2020-07-05%2005%3A38%3A00 HTTP/1.1" 200 3330 "-" "Go-http-client/1.1"
51.255.43.108 - - [05/Jul/2020:10:38:00 +0200] "POST /tokens/jwt HTTP/1.1" 201 3472 "-" "GuzzleHttp/6.5.1 curl/7.52.1 PHP/7.1.33-8+0~20200202.31+debian9~1.gbp266c28"
51.255.43.108 - - [05/Jul/2020:10:38:01 +0200] "POST /tokens/jwt HTTP/1.1" 201 3472 "-" "GuzzleHttp/6.5.1 curl/7.52.1 PHP/7.1.33-8+0~20200202.31+debian9~1.gbp266c28"
51.255.43.108 - - [05/Jul/2020:10:38:01 +0200] "POST /emails/process/take HTTP/1.1" 404 240 "-" "GuzzleHttp/6.5.1 curl/7.52.1 PHP/7.1.33-8+0~20200202.31+debian9~1.gbp266c28"
51.255.43.108 - - [05/Jul/2020:10:39:01 +0200] "POST /tokens/jwt HTTP/1.1" 201 3472 "-" "GuzzleHttp/6.5.1 curl/7.52.1 PHP/7.1.33-8+0~20200202.31+debian9~1.gbp266c28"
51.255.43.108 - - [05/Jul/2020:10:39:01 +0200] "POST /tokens/jwt HTTP/1.1" 201 3472 "-" "GuzzleHttp/6.5.1 curl/7.52.1 PHP/7.1.33-8+0~20200202.31+debian9~1.gbp266c28"
51.255.43.108 - - [05/Jul/2020:10:39:02 +0200] "POST /emails/process/take HTTP/1.1" 404 240 "-" "GuzzleHttp/6.5.1 curl/7.52.1 PHP/7.1.33-8+0~20200202.31+debian9~1.gbp266c28"
51.255.43.108 - - [05/Jul/2020:10:39:00 +0200] "GET /studies?limit=100&offset=0 HTTP/1.1" 200 766821 "-" "GuzzleHttp/6.5.1 curl/7.52.1 PHP/7.1.33-8+0~20200202.31+debian9~1.gbp266c28"
51.255.43.108 - - [05/Jul/2020:10:39:03 +0200] "GET /studies?limit=100&offset=100 HTTP/1.1" 200 820209 "-" "GuzzleHttp/6.5.1 curl/7.52.1 PHP/7.1.33-8+0~20200202.31+debian9~1.gbp266c28"
51.255.43.108 - - [05/Jul/2020:10:39:06 +0200] "GET /studies?limit=100&offset=200 HTTP/1.1" 200 811831 "-" "GuzzleHttp/6.5.1 curl/7.52.1 PHP/7.1.33-8+0~20200202.31+debian9~1.gbp266c28"
51.255.43.108 - - [05/Jul/2020:10:39:09 +0200] "GET /studies?limit=100&offset=300 HTTP/1.1" 200 858469 "-" "GuzzleHttp/6.5.1 curl/7.52.1 PHP/7.1.33-8+0~20200202.31+debian9~1.gbp266c28"
51.255.43.108 - - [05/Jul/2020:10:39:11 +0200] "GET /studies?limit=100&offset=400 HTTP/1.1" 200 849200 "-" "GuzzleHttp/6.5.1 curl/7.52.1 PHP/7.1.33-8+0~20200202.31+debian9~1.gbp266c28"
51.255.43.108 - - [05/Jul/2020:10:39:14 +0200] "GET /studies?limit=100&offset=500 HTTP/1.1" 200 782588 "-" "GuzzleHttp/6.5.1 curl/7.52.1 PHP/7.1.33-8+0~20200202.31+debian9~1.gbp266c28"
51.255.43.108 - - [05/Jul/2020:10:39:16 +0200] "GET /studies?limit=100&offset=600 HTTP/1.1" 200 802069 "-" "GuzzleHttp/6.5.1 curl/7.52.1 PHP/7.1.33-8+0~20200202.31+debian9~1.gbp266c28"
51.255.43.108 - - [05/Jul/2020:10:39:19 +0200] "GET /studies?limit=100&offset=700 HTTP/1.1" 200 900056 "-" "GuzzleHttp/6.5.1 curl/7.52.1 PHP/7.1.33-8+0~20200202.31+debian9~1.gbp266c28"
51.255.43.108 - - [05/Jul/2020:10:39:22 +0200] "GET /studies?limit=100&offset=800 HTTP/1.1" 200 801792 "-" "GuzzleHttp/6.5.1 curl/7.52.1 PHP/7.1.33-8+0~20200202.31+debian9~1.gbp266c28"
51.255.43.108 - - [05/Jul/2020:10:39:24 +0200] "GET /studies?limit=100&offset=900 HTTP/1.1" 200 897497 "-" "GuzzleHttp/6.5.1 curl/7.52.1 PHP/7.1.33-8+0~20200202.31+debian9~1.gbp266c28"
51.255.43.108 - - [05/Jul/2020:10:39:27 +0200] "GET /studies?limit=100&offset=1000 HTTP/1.1" 200 871652 "-" "GuzzleHttp/6.5.1 curl/7.52.1 PHP/7.1.33-8+0~20200202.31+debian9~1.gbp266c28"
51.255.43.108 - - [05/Jul/2020:10:39:30 +0200] "GET /studies?limit=100&offset=1100 HTTP/1.1" 200 875667 "-" "GuzzleHttp/6.5.1 curl/7.52.1 PHP/7.1.33-8+0~20200202.31+debian9~1.gbp266c28"
51.255.43.108 - - [05/Jul/2020:10:39:32 +0200] "GET /studies?limit=100&offset=1200 HTTP/1.1" 200 792404 "-" "GuzzleHttp/6.5.1 curl/7.52.1 PHP/7.1.33-8+0~20200202.31+debian9~1.gbp266c28"
51.255.43.108 - - [05/Jul/2020:10:39:35 +0200] "GET /studies?limit=100&offset=1300 HTTP/1.1" 200 798870 "-" "GuzzleHttp/6.5.1 curl/7.52.1 PHP/7.1.33-8+0~20200202.31+debian9~1.gbp266c28"
51.255.43.108 - - [05/Jul/2020:10:39:37 +0200] "GET /studies?limit=100&offset=1400 HTTP/1.1" 200 797481 "-" "GuzzleHttp/6.5.1 curl/7.52.1 PHP/7.1.33-8+0~20200202.31+debian9~1.gbp266c28"
51.255.43.108 - - [05/Jul/2020:10:39:40 +0200] "GET /studies?limit=100&offset=1500 HTTP/1.1" 200 795113 "-" "GuzzleHttp/6.5.1 curl/7.52.1 PHP/7.1.33-8+0~20200202.31+debian9~1.gbp266c28"
51.255.43.108 - - [05/Jul/2020:10:39:42 +0200] "GET /studies?limit=100&offset=1600 HTTP/1.1" 200 814387 "-" "GuzzleHttp/6.5.1 curl/7.52.1 PHP/7.1.33-8+0~20200202.31+debian9~1.gbp266c28"
51.255.43.108 - - [05/Jul/2020:10:39:45 +0200] "GET /studies?limit=100&offset=1700 HTTP/1.1" 200 802018 "-" "GuzzleHttp/6.5.1 curl/7.52.1 PHP/7.1.33-8+0~20200202.31+debian9~1.gbp266c28"
51.255.43.108 - - [05/Jul/2020:10:39:47 +0200] "GET /studies?limit=100&offset=1800 HTTP/1.1" 200 767558 "-" "GuzzleHttp/6.5.1 curl/7.52.1 PHP/7.1.33-8+0~20200202.31+debian9~1.gbp266c28"
51.255.43.108 - - [05/Jul/2020:10:39:50 +0200] "GET /studies?limit=100&offset=1900 HTTP/1.1" 200 771109 "-" "GuzzleHttp/6.5.1 curl/7.52.1 PHP/7.1.33-8+0~20200202.31+debian9~1.gbp266c28"
51.255.43.108 - - [05/Jul/2020:10:39:52 +0200] "GET /studies?limit=100&offset=2000 HTTP/1.1" 200 750925 "-" "GuzzleHttp/6.5.1 curl/7.52.1 PHP/7.1.33-8+0~20200202.31+debian9~1.gbp266c28"
51.255.43.108 - - [05/Jul/2020:10:39:54 +0200] "GET /studies?limit=100&offset=2100 HTTP/1.1" 200 782732 "-" "GuzzleHttp/6.5.1 curl/7.52.1 PHP/7.1.33-8+0~20200202.31+debian9~1.gbp266c28"
51.255.43.108 - - [05/Jul/2020:10:40:00 +0200] "POST /tokens/jwt HTTP/1.1" 201 3472 "-" "GuzzleHttp/6.5.1 curl/7.52.1 PHP/7.1.33-8+0~20200202.31+debian9~1.gbp266c28"
51.255.43.108 - - [05/Jul/2020:10:40:01 +0200] "POST /tokens/jwt HTTP/1.1" 201 3472 "-" "GuzzleHttp/6.5.1 curl/7.52.1 PHP/7.1.33-8+0~20200202.31+debian9~1.gbp266c28"
51.255.43.108 - - [05/Jul/2020:10:40:01 +0200] "POST /emails/process/take HTTP/1.1" 404 240 "-" "GuzzleHttp/6.5.1 curl/7.52.1 PHP/7.1.33-8+0~20200202.31+debian9~1.gbp266c28"
51.255.43.108 - - [05/Jul/2020:10:41:01 +0200] "POST /tokens/jwt HTTP/1.1" 201 3472 "-" "GuzzleHttp/6.5.1 curl/7.52.1 PHP/7.1.33-8+0~20200202.31+debian9~1.gbp266c28"
51.255.43.108 - - [05/Jul/2020:10:41:01 +0200] "POST /tokens/jwt HTTP/1.1" 201 3472 "-" "GuzzleHttp/6.5.1 curl/7.52.1 PHP/7.1.33-8+0~20200202.31+debian9~1.gbp266c28"
51.255.43.108 - - [05/Jul/2020:10:41:01 +0200] "POST /emails/process/take HTTP/1.1" 404 240 "-" "GuzzleHttp/6.5.1 curl/7.52.1 PHP/7.1.33-8+0~20200202.31+debian9~1.gbp266c28"
51.255.43.108 - - [05/Jul/2020:10:42:00 +0200] "POST /tokens/jwt HTTP/1.1" 201 3472 "-" "GuzzleHttp/6.5.1 curl/7.52.1 PHP/7.1.33-8+0~20200202.31+debian9~1.gbp266c28"
51.255.43.108 - - [05/Jul/2020:10:42:01 +0200] "POST /tokens/jwt HTTP/1.1" 201 3472 "-" "GuzzleHttp/6.5.1 curl/7.52.1 PHP/7.1.33-8+0~20200202.31+debian9~1.gbp266c28"
51.255.43.108 - - [05/Jul/2020:10:42:01 +0200] "POST /emails/process/take HTTP/1.1" 404 240 "-" "GuzzleHttp/6.5.1 curl/7.52.1 PHP/7.1.33-8+0~20200202.31+debian9~1.gbp266c28"
216.245.221.83 - - [05/Jul/2020:10:42:42 +0200] "GET /users HTTP/1.1" 401 3537 "https://api.everycheck.com/users" "Mozilla/5.0+(compatible; UptimeRobot/2.0; http://www.uptimerobot.com/)"
51.255.43.108 - - [05/Jul/2020:10:43:00 +0200] "POST /tokens/jwt HTTP/1.1" 201 3472 "-" "GuzzleHttp/6.5.1 curl/7.52.1 PHP/7.1.33-8+0~20200202.31+debian9~1.gbp266c28"
51.255.43.108 - - [05/Jul/2020:10:43:01 +0200] "POST /tokens/jwt HTTP/1.1" 201 3472 "-" "GuzzleHttp/6.5.1 curl/7.52.1 PHP/7.1.33-8+0~20200202.31+debian9~1.gbp266c28"
51.255.43.108 - - [05/Jul/2020:10:43:01 +0200] "POST /emails/process/take HTTP/1.1" 404 240 "-" "GuzzleHttp/6.5.1 curl/7.52.1 PHP/7.1.33-8+0~20200202.31+debian9~1.gbp266c28"
51.210.12.113 - - [05/Jul/2020:10:44:00 +0200] "GET /studies?limit=100&offset=0&filter[gt_caDate]=2020-07-05%2005%3A44%3A00&filter[cfKind]=agreement HTTP/1.1" 200 3330 "-" "Go-http-client/1.1"
51.255.43.108 - - [05/Jul/2020:10:44:00 +0200] "POST /tokens/jwt HTTP/1.1" 201 3472 "-" "GuzzleHttp/6.5.1 curl/7.52.1 PHP/7.1.33-8+0~20200202.31+debian9~1.gbp266c28"
51.255.43.108 - - [05/Jul/2020:10:44:01 +0200] "POST /tokens/jwt HTTP/1.1" 201 3472 "-" "GuzzleHttp/6.5.1 curl/7.52.1 PHP/7.1.33-8+0~20200202.31+debian9~1.gbp266c28"
51.255.43.108 - - [05/Jul/2020:10:44:01 +0200] "POST /emails/process/take HTTP/1.1" 404 240 "-" "GuzzleHttp/6.5.1 curl/7.52.1 PHP/7.1.33-8+0~20200202.31+debian9~1.gbp266c28"
51.255.43.108 - - [05/Jul/2020:10:45:00 +0200] "POST /tokens/jwt HTTP/1.1" 201 3472 "-" "GuzzleHttp/6.5.1 curl/7.52.1 PHP/7.1.33-8+0~20200202.31+debian9~1.gbp266c28"
51.255.43.108 - - [05/Jul/2020:10:45:01 +0200] "POST /tokens/jwt HTTP/1.1" 201 3472 "-" "GuzzleHttp/6.5.1 curl/7.52.1 PHP/7.1.33-8+0~20200202.31+debian9~1.gbp266c28"
51.255.43.108 - - [05/Jul/2020:10:45:01 +0200] "POST /emails/process/take HTTP/1.1" 404 240 "-" "GuzzleHttp/6.5.1 curl/7.52.1 PHP/7.1.33-8+0~20200202.31+debian9~1.gbp266c28"
51.255.43.108 - - [05/Jul/2020:10:46:00 +0200] "POST /tokens/jwt HTTP/1.1" 201 3472 "-" "GuzzleHttp/6.5.1 curl/7.52.1 PHP/7.1.33-8+0~20200202.31+debian9~1.gbp266c28"
51.255.43.108 - - [05/Jul/2020:10:46:01 +0200] "POST /tokens/jwt HTTP/1.1" 201 3472 "-" "GuzzleHttp/6.5.1 curl/7.52.1 PHP/7.1.33-8+0~20200202.31+debian9~1.gbp266c28"
51.255.43.108 - - [05/Jul/2020:10:46:01 +0200] "POST /emails/process/take HTTP/1.1" 404 240 "-" "GuzzleHttp/6.5.1 curl/7.52.1 PHP/7.1.33-8+0~20200202.31+debian9~1.gbp266c28"
51.255.43.108 - - [05/Jul/2020:10:47:00 +0200] "POST /tokens/jwt HTTP/1.1" 201 3472 "-" "GuzzleHttp/6.5.1 curl/7.52.1 PHP/7.1.33-8+0~20200202.31+debian9~1.gbp266c28"
51.255.43.108 - - [05/Jul/2020:10:47:01 +0200] "POST /tokens/jwt HTTP/1.1" 201 3472 "-" "GuzzleHttp/6.5.1 curl/7.52.1 PHP/7.1.33-8+0~20200202.31+debian9~1.gbp266c28"
51.255.43.108 - - [05/Jul/2020:10:47:01 +0200] "POST /emails/process/take HTTP/1.1" 404 240 "-" "GuzzleHttp/6.5.1 curl/7.52.1 PHP/7.1.33-8+0~20200202.31+debian9~1.gbp266c28"
51.210.12.113 - - [05/Jul/2020:10:48:00 +0200] "GET /studies?limit=100&offset=0&filter[gt_caDate]=2020-07-05%2005%3A48%3A00 HTTP/1.1" 200 3330 "-" "Go-http-client/1.1"
51.255.43.108 - - [05/Jul/2020:10:48:01 +0200] "POST /tokens/jwt HTTP/1.1" 201 3472 "-" "GuzzleHttp/6.5.1 curl/7.52.1 PHP/7.1.33-8+0~20200202.31+debian9~1.gbp266c28"
51.255.43.108 - - [05/Jul/2020:10:48:01 +0200] "POST /tokens/jwt HTTP/1.1" 201 3472 "-" "GuzzleHttp/6.5.1 curl/7.52.1 PHP/7.1.33-8+0~20200202.31+debian9~1.gbp266c28"
51.255.43.108 - - [05/Jul/2020:10:48:01 +0200] "POST /emails/process/take HTTP/1.1" 404 240 "-" "GuzzleHttp/6.5.1 curl/7.52.1 PHP/7.1.33-8+0~20200202.31+debian9~1.gbp266c28"
51.255.43.108 - - [05/Jul/2020:10:49:00 +0200] "POST /tokens/jwt HTTP/1.1" 201 3472 "-" "GuzzleHttp/6.5.1 curl/7.52.1 PHP/7.1.33-8+0~20200202.31+debian9~1.gbp266c28"
51.255.43.108 - - [05/Jul/2020:10:49:01 +0200] "POST /tokens/jwt HTTP/1.1" 201 3472 "-" "GuzzleHttp/6.5.1 curl/7.52.1 PHP/7.1.33-8+0~20200202.31+debian9~1.gbp266c28"
51.255.43.108 - - [05/Jul/2020:10:49:01 +0200] "POST /emails/process/take HTTP/1.1" 404 240 "-" "GuzzleHttp/6.5.1 curl/7.52.1 PHP/7.1.33-8+0~20200202.31+debian9~1.gbp266c28"
51.255.43.108 - - [05/Jul/2020:10:50:00 +0200] "POST /tokens/jwt HTTP/1.1" 201 3472 "-" "GuzzleHttp/6.5.1 curl/7.52.1 PHP/7.1.33-8+0~20200202.31+debian9~1.gbp266c28"
51.255.43.108 - - [05/Jul/2020:10:50:01 +0200] "POST /tokens/jwt HTTP/1.1" 201 3472 "-" "GuzzleHttp/6.5.1 curl/7.52.1 PHP/7.1.33-8+0~20200202.31+debian9~1.gbp266c28"
51.255.43.108 - - [05/Jul/2020:10:50:01 +0200] "POST /emails/process/take HTTP/1.1" 404 240 "-" "GuzzleHttp/6.5.1 curl/7.52.1 PHP/7.1.33-8+0~20200202.31+debian9~1.gbp266c28"
51.255.43.108 - - [05/Jul/2020:10:51:00 +0200] "POST /tokens/jwt HTTP/1.1" 201 3472 "-" "GuzzleHttp/6.5.1 curl/7.52.1 PHP/7.1.33-8+0~20200202.31+debian9~1.gbp266c28"
51.255.43.108 - - [05/Jul/2020:10:51:01 +0200] "POST /tokens/jwt HTTP/1.1" 201 3472 "-" "GuzzleHttp/6.5.1 curl/7.52.1 PHP/7.1.33-8+0~20200202.31+debian9~1.gbp266c28"
51.255.43.108 - - [05/Jul/2020:10:51:01 +0200] "POST /emails/process/take HTTP/1.1" 404 240 "-" "GuzzleHttp/6.5.1 curl/7.52.1 PHP/7.1.33-8+0~20200202.31+debian9~1.gbp266c28"
51.255.43.108 - - [05/Jul/2020:10:52:00 +0200] "POST /tokens/jwt HTTP/1.1" 201 3472 "-" "GuzzleHttp/6.5.1 curl/7.52.1 PHP/7.1.33-8+0~20200202.31+debian9~1.gbp266c28"
51.255.43.108 - - [05/Jul/2020:10:52:01 +0200] "POST /tokens/jwt HTTP/1.1" 201 3472 "-" "GuzzleHttp/6.5.1 curl/7.52.1 PHP/7.1.33-8+0~20200202.31+debian9~1.gbp266c28"
51.255.43.108 - - [05/Jul/2020:10:52:01 +0200] "POST /emails/process/take HTTP/1.1" 404 240 "-" "GuzzleHttp/6.5.1 curl/7.52.1 PHP/7.1.33-8+0~20200202.31+debian9~1.gbp266c28"
195.54.160.135 - - [05/Jul/2020:10:52:19 +0200] "GET /solr/admin/info/system?wt=json HTTP/1.1" 404 3769 "http://151.80.233.118:80/solr/admin/info/system?wt=json" "Mozilla/5.0 (Windows NT 10.0; Win64; x64) AppleWebKit/537.36 (KHTML, like Gecko) Chrome/78.0.3904.108 Safari/537.36"
216.245.221.83 - - [05/Jul/2020:10:52:42 +0200] "GET /users HTTP/1.1" 401 3537 "https://api.everycheck.com/users" "Mozilla/5.0+(compatible; UptimeRobot/2.0; http://www.uptimerobot.com/)"
51.255.43.108 - - [05/Jul/2020:10:53:00 +0200] "POST /tokens/jwt HTTP/1.1" 201 3472 "-" "GuzzleHttp/6.5.1 curl/7.52.1 PHP/7.1.33-8+0~20200202.31+debian9~1.gbp266c28"
51.255.43.108 - - [05/Jul/2020:10:53:01 +0200] "POST /tokens/jwt HTTP/1.1" 201 3472 "-" "GuzzleHttp/6.5.1 curl/7.52.1 PHP/7.1.33-8+0~20200202.31+debian9~1.gbp266c28"
51.255.43.108 - - [05/Jul/2020:10:53:01 +0200] "POST /emails/process/take HTTP/1.1" 404 240 "-" "GuzzleHttp/6.5.1 curl/7.52.1 PHP/7.1.33-8+0~20200202.31+debian9~1.gbp266c28"
51.210.12.113 - - [05/Jul/2020:10:54:00 +0200] "GET /studies?limit=100&offset=0&filter[cfKind]=agreement&filter[gt_caDate]=2020-07-05%2005%3A54%3A00 HTTP/1.1" 200 3330 "-" "Go-http-client/1.1"
51.255.43.108 - - [05/Jul/2020:10:54:00 +0200] "POST /tokens/jwt HTTP/1.1" 201 3472 "-" "GuzzleHttp/6.5.1 curl/7.52.1 PHP/7.1.33-8+0~20200202.31+debian9~1.gbp266c28"
51.255.43.108 - - [05/Jul/2020:10:54:01 +0200] "POST /tokens/jwt HTTP/1.1" 201 3472 "-" "GuzzleHttp/6.5.1 curl/7.52.1 PHP/7.1.33-8+0~20200202.31+debian9~1.gbp266c28"
51.255.43.108 - - [05/Jul/2020:10:54:01 +0200] "POST /emails/process/take HTTP/1.1" 404 240 "-" "GuzzleHttp/6.5.1 curl/7.52.1 PHP/7.1.33-8+0~20200202.31+debian9~1.gbp266c28"
51.255.43.108 - - [05/Jul/2020:10:55:00 +0200] "POST /tokens/jwt HTTP/1.1" 201 3472 "-" "GuzzleHttp/6.5.1 curl/7.52.1 PHP/7.1.33-8+0~20200202.31+debian9~1.gbp266c28"
51.255.43.108 - - [05/Jul/2020:10:55:01 +0200] "POST /tokens/jwt HTTP/1.1" 201 3472 "-" "GuzzleHttp/6.5.1 curl/7.52.1 PHP/7.1.33-8+0~20200202.31+debian9~1.gbp266c28"
51.255.43.108 - - [05/Jul/2020:10:55:01 +0200] "POST /emails/process/take HTTP/1.1" 404 240 "-" "GuzzleHttp/6.5.1 curl/7.52.1 PHP/7.1.33-8+0~20200202.31+debian9~1.gbp266c28"
51.255.43.108 - - [05/Jul/2020:10:56:00 +0200] "POST /tokens/jwt HTTP/1.1" 201 3472 "-" "GuzzleHttp/6.5.1 curl/7.52.1 PHP/7.1.33-8+0~20200202.31+debian9~1.gbp266c28"
51.255.43.108 - - [05/Jul/2020:10:56:01 +0200] "POST /tokens/jwt HTTP/1.1" 201 3472 "-" "GuzzleHttp/6.5.1 curl/7.52.1 PHP/7.1.33-8+0~20200202.31+debian9~1.gbp266c28"
51.255.43.108 - - [05/Jul/2020:10:56:01 +0200] "POST /emails/process/take HTTP/1.1" 404 240 "-" "GuzzleHttp/6.5.1 curl/7.52.1 PHP/7.1.33-8+0~20200202.31+debian9~1.gbp266c28"
195.54.160.135 - - [05/Jul/2020:10:57:00 +0200] "GET /?XDEBUG_SESSION_START=phpstorm HTTP/1.1" 404 3769 "http://151.80.233.118:80/?XDEBUG_SESSION_START=phpstorm" "Mozilla/5.0 (Windows NT 10.0; Win64; x64) AppleWebKit/537.36 (KHTML, like Gecko) Chrome/78.0.3904.108 Safari/537.36"
51.255.43.108 - - [05/Jul/2020:10:57:00 +0200] "POST /tokens/jwt HTTP/1.1" 201 3472 "-" "GuzzleHttp/6.5.1 curl/7.52.1 PHP/7.1.33-8+0~20200202.31+debian9~1.gbp266c28"
51.255.43.108 - - [05/Jul/2020:10:57:01 +0200] "POST /tokens/jwt HTTP/1.1" 201 3472 "-" "GuzzleHttp/6.5.1 curl/7.52.1 PHP/7.1.33-8+0~20200202.31+debian9~1.gbp266c28"
51.255.43.108 - - [05/Jul/2020:10:57:01 +0200] "POST /emails/process/take HTTP/1.1" 404 240 "-" "GuzzleHttp/6.5.1 curl/7.52.1 PHP/7.1.33-8+0~20200202.31+debian9~1.gbp266c28"
51.210.12.113 - - [05/Jul/2020:10:58:00 +0200] "GET /studies?limit=100&offset=0&filter[gt_caDate]=2020-07-05%2005%3A58%3A00 HTTP/1.1" 200 3330 "-" "Go-http-client/1.1"
51.255.43.108 - - [05/Jul/2020:10:58:00 +0200] "POST /tokens/jwt HTTP/1.1" 201 3472 "-" "GuzzleHttp/6.5.1 curl/7.52.1 PHP/7.1.33-8+0~20200202.31+debian9~1.gbp266c28"
51.255.43.108 - - [05/Jul/2020:10:58:01 +0200] "POST /tokens/jwt HTTP/1.1" 201 3472 "-" "GuzzleHttp/6.5.1 curl/7.52.1 PHP/7.1.33-8+0~20200202.31+debian9~1.gbp266c28"
51.255.43.108 - - [05/Jul/2020:10:58:01 +0200] "POST /emails/process/take HTTP/1.1" 404 240 "-" "GuzzleHttp/6.5.1 curl/7.52.1 PHP/7.1.33-8+0~20200202.31+debian9~1.gbp266c28"
51.255.43.108 - - [05/Jul/2020:10:59:00 +0200] "POST /tokens/jwt HTTP/1.1" 201 3472 "-" "GuzzleHttp/6.5.1 curl/7.52.1 PHP/7.1.33-8+0~20200202.31+debian9~1.gbp266c28"
51.255.43.108 - - [05/Jul/2020:10:59:01 +0200] "POST /tokens/jwt HTTP/1.1" 201 3472 "-" "GuzzleHttp/6.5.1 curl/7.52.1 PHP/7.1.33-8+0~20200202.31+debian9~1.gbp266c28"
51.255.43.108 - - [05/Jul/2020:10:59:01 +0200] "POST /emails/process/take HTTP/1.1" 404 240 "-" "GuzzleHttp/6.5.1 curl/7.52.1 PHP/7.1.33-8+0~20200202.31+debian9~1.gbp266c28"
51.255.43.108 - - [05/Jul/2020:11:00:00 +0200] "POST /tokens/jwt HTTP/1.1" 201 3472 "-" "GuzzleHttp/6.5.1 curl/7.52.1 PHP/7.1.33-8+0~20200202.31+debian9~1.gbp266c28"
51.255.43.108 - - [05/Jul/2020:11:00:01 +0200] "POST /tokens/jwt HTTP/1.1" 201 3472 "-" "GuzzleHttp/6.5.1 curl/7.52.1 PHP/7.1.33-8+0~20200202.31+debian9~1.gbp266c28"
51.255.43.108 - - [05/Jul/2020:11:00:01 +0200] "POST /emails/process/take HTTP/1.1" 404 240 "-" "GuzzleHttp/6.5.1 curl/7.52.1 PHP/7.1.33-8+0~20200202.31+debian9~1.gbp266c28"
51.255.43.108 - - [05/Jul/2020:11:01:00 +0200] "POST /tokens/jwt HTTP/1.1" 201 3472 "-" "GuzzleHttp/6.5.1 curl/7.52.1 PHP/7.1.33-8+0~20200202.31+debian9~1.gbp266c28"
51.255.43.108 - - [05/Jul/2020:11:01:01 +0200] "POST /tokens/jwt HTTP/1.1" 201 3472 "-" "GuzzleHttp/6.5.1 curl/7.52.1 PHP/7.1.33-8+0~20200202.31+debian9~1.gbp266c28"
51.255.43.108 - - [05/Jul/2020:11:01:01 +0200] "POST /emails/process/take HTTP/1.1" 404 240 "-" "GuzzleHttp/6.5.1 curl/7.52.1 PHP/7.1.33-8+0~20200202.31+debian9~1.gbp266c28"
195.54.160.135 - - [05/Jul/2020:11:01:58 +0200] "GET /index.php?s=/Index/\\think\\app/invokefunction&function=call_user_func_array&vars[0]=md5&vars[1][]=HelloThinkPHP HTTP/1.1" 404 3769 "http://151.80.233.118:80/index.php?s=/Index/\\think\\app/invokefunction&function=call_user_func_array&vars[0]=md5&vars[1][]=HelloThinkPHP" "Mozilla/5.0 (Windows NT 10.0; Win64; x64) AppleWebKit/537.36 (KHTML, like Gecko) Chrome/78.0.3904.108 Safari/537.36"
51.255.43.108 - - [05/Jul/2020:11:02:00 +0200] "POST /tokens/jwt HTTP/1.1" 201 3472 "-" "GuzzleHttp/6.5.1 curl/7.52.1 PHP/7.1.33-8+0~20200202.31+debian9~1.gbp266c28"
51.255.43.108 - - [05/Jul/2020:11:02:01 +0200] "POST /tokens/jwt HTTP/1.1" 201 3472 "-" "GuzzleHttp/6.5.1 curl/7.52.1 PHP/7.1.33-8+0~20200202.31+debian9~1.gbp266c28"
51.255.43.108 - - [05/Jul/2020:11:02:01 +0200] "POST /emails/process/take HTTP/1.1" 404 240 "-" "GuzzleHttp/6.5.1 curl/7.52.1 PHP/7.1.33-8+0~20200202.31+debian9~1.gbp266c28"
195.54.160.135 - - [05/Jul/2020:11:02:06 +0200] "GET /?a=fetch&content=<php>die(@md5(HelloThinkCMF))</php> HTTP/1.1" 404 3769 "http://151.80.233.118:80/?a=fetch&content=<php>die(@md5(HelloThinkCMF))</php>" "Mozilla/5.0 (Windows NT 10.0; Win64; x64) AppleWebKit/537.36 (KHTML, like Gecko) Chrome/78.0.3904.108 Safari/537.36"
216.245.221.83 - - [05/Jul/2020:11:02:42 +0200] "GET /users HTTP/1.1" 401 3537 "https://api.everycheck.com/users" "Mozilla/5.0+(compatible; UptimeRobot/2.0; http://www.uptimerobot.com/)"
51.255.43.108 - - [05/Jul/2020:11:03:00 +0200] "POST /tokens/jwt HTTP/1.1" 201 3472 "-" "GuzzleHttp/6.5.1 curl/7.52.1 PHP/7.1.33-8+0~20200202.31+debian9~1.gbp266c28"
51.255.43.108 - - [05/Jul/2020:11:03:01 +0200] "POST /tokens/jwt HTTP/1.1" 201 3472 "-" "GuzzleHttp/6.5.1 curl/7.52.1 PHP/7.1.33-8+0~20200202.31+debian9~1.gbp266c28"
51.255.43.108 - - [05/Jul/2020:11:03:01 +0200] "POST /emails/process/take HTTP/1.1" 404 240 "-" "GuzzleHttp/6.5.1 curl/7.52.1 PHP/7.1.33-8+0~20200202.31+debian9~1.gbp266c28"
51.210.12.113 - - [05/Jul/2020:11:04:00 +0200] "GET /studies?limit=100&offset=0&filter[cfKind]=agreement&filter[gt_caDate]=2020-07-05%2006%3A04%3A00 HTTP/1.1" 200 3330 "-" "Go-http-client/1.1"
51.255.43.108 - - [05/Jul/2020:11:04:00 +0200] "POST /tokens/jwt HTTP/1.1" 201 3472 "-" "GuzzleHttp/6.5.1 curl/7.52.1 PHP/7.1.33-8+0~20200202.31+debian9~1.gbp266c28"
51.255.43.108 - - [05/Jul/2020:11:04:01 +0200] "POST /tokens/jwt HTTP/1.1" 201 3472 "-" "GuzzleHttp/6.5.1 curl/7.52.1 PHP/7.1.33-8+0~20200202.31+debian9~1.gbp266c28"
51.255.43.108 - - [05/Jul/2020:11:04:01 +0200] "POST /emails/process/take HTTP/1.1" 404 240 "-" "GuzzleHttp/6.5.1 curl/7.52.1 PHP/7.1.33-8+0~20200202.31+debian9~1.gbp266c28"
51.255.43.108 - - [05/Jul/2020:11:05:00 +0200] "POST /tokens/jwt HTTP/1.1" 201 3472 "-" "GuzzleHttp/6.5.1 curl/7.52.1 PHP/7.1.33-8+0~20200202.31+debian9~1.gbp266c28"
51.255.43.108 - - [05/Jul/2020:11:05:01 +0200] "POST /tokens/jwt HTTP/1.1" 201 3472 "-" "GuzzleHttp/6.5.1 curl/7.52.1 PHP/7.1.33-8+0~20200202.31+debian9~1.gbp266c28"
51.255.43.108 - - [05/Jul/2020:11:05:01 +0200] "POST /emails/process/take HTTP/1.1" 404 240 "-" "GuzzleHttp/6.5.1 curl/7.52.1 PHP/7.1.33-8+0~20200202.31+debian9~1.gbp266c28"
51.255.43.108 - - [05/Jul/2020:11:06:00 +0200] "POST /tokens/jwt HTTP/1.1" 201 3472 "-" "GuzzleHttp/6.5.1 curl/7.52.1 PHP/7.1.33-8+0~20200202.31+debian9~1.gbp266c28"
51.255.43.108 - - [05/Jul/2020:11:06:01 +0200] "POST /tokens/jwt HTTP/1.1" 201 3472 "-" "GuzzleHttp/6.5.1 curl/7.52.1 PHP/7.1.33-8+0~20200202.31+debian9~1.gbp266c28"
51.255.43.108 - - [05/Jul/2020:11:06:01 +0200] "POST /emails/process/take HTTP/1.1" 404 240 "-" "GuzzleHttp/6.5.1 curl/7.52.1 PHP/7.1.33-8+0~20200202.31+debian9~1.gbp266c28"
51.255.43.108 - - [05/Jul/2020:11:07:00 +0200] "POST /tokens/jwt HTTP/1.1" 201 3472 "-" "GuzzleHttp/6.5.1 curl/7.52.1 PHP/7.1.33-8+0~20200202.31+debian9~1.gbp266c28"
51.255.43.108 - - [05/Jul/2020:11:07:01 +0200] "POST /tokens/jwt HTTP/1.1" 201 3472 "-" "GuzzleHttp/6.5.1 curl/7.52.1 PHP/7.1.33-8+0~20200202.31+debian9~1.gbp266c28"
51.255.43.108 - - [05/Jul/2020:11:07:01 +0200] "POST /emails/process/take HTTP/1.1" 404 240 "-" "GuzzleHttp/6.5.1 curl/7.52.1 PHP/7.1.33-8+0~20200202.31+debian9~1.gbp266c28"
51.210.12.113 - - [05/Jul/2020:11:08:00 +0200] "GET /studies?limit=100&offset=0&filter[gt_caDate]=2020-07-05%2006%3A08%3A00 HTTP/1.1" 200 3330 "-" "Go-http-client/1.1"
51.255.43.108 - - [05/Jul/2020:11:08:00 +0200] "POST /tokens/jwt HTTP/1.1" 201 3472 "-" "GuzzleHttp/6.5.1 curl/7.52.1 PHP/7.1.33-8+0~20200202.31+debian9~1.gbp266c28"
51.255.43.108 - - [05/Jul/2020:11:08:01 +0200] "POST /tokens/jwt HTTP/1.1" 201 3472 "-" "GuzzleHttp/6.5.1 curl/7.52.1 PHP/7.1.33-8+0~20200202.31+debian9~1.gbp266c28"
51.255.43.108 - - [05/Jul/2020:11:08:01 +0200] "POST /emails/process/take HTTP/1.1" 404 240 "-" "GuzzleHttp/6.5.1 curl/7.52.1 PHP/7.1.33-8+0~20200202.31+debian9~1.gbp266c28"
51.255.43.108 - - [05/Jul/2020:11:09:00 +0200] "POST /tokens/jwt HTTP/1.1" 201 3472 "-" "GuzzleHttp/6.5.1 curl/7.52.1 PHP/7.1.33-8+0~20200202.31+debian9~1.gbp266c28"
51.255.43.108 - - [05/Jul/2020:11:09:01 +0200] "POST /tokens/jwt HTTP/1.1" 201 3472 "-" "GuzzleHttp/6.5.1 curl/7.52.1 PHP/7.1.33-8+0~20200202.31+debian9~1.gbp266c28"
51.255.43.108 - - [05/Jul/2020:11:09:01 +0200] "POST /emails/process/take HTTP/1.1" 404 240 "-" "GuzzleHttp/6.5.1 curl/7.52.1 PHP/7.1.33-8+0~20200202.31+debian9~1.gbp266c28"
51.255.43.108 - - [05/Jul/2020:11:10:00 +0200] "POST /tokens/jwt HTTP/1.1" 201 3472 "-" "GuzzleHttp/6.5.1 curl/7.52.1 PHP/7.1.33-8+0~20200202.31+debian9~1.gbp266c28"
51.255.43.108 - - [05/Jul/2020:11:10:01 +0200] "POST /tokens/jwt HTTP/1.1" 201 3472 "-" "GuzzleHttp/6.5.1 curl/7.52.1 PHP/7.1.33-8+0~20200202.31+debian9~1.gbp266c28"
51.255.43.108 - - [05/Jul/2020:11:10:01 +0200] "POST /emails/process/take HTTP/1.1" 404 240 "-" "GuzzleHttp/6.5.1 curl/7.52.1 PHP/7.1.33-8+0~20200202.31+debian9~1.gbp266c28"
51.255.43.108 - - [05/Jul/2020:11:11:00 +0200] "POST /tokens/jwt HTTP/1.1" 201 3472 "-" "GuzzleHttp/6.5.1 curl/7.52.1 PHP/7.1.33-8+0~20200202.31+debian9~1.gbp266c28"
51.255.43.108 - - [05/Jul/2020:11:11:01 +0200] "POST /tokens/jwt HTTP/1.1" 201 3472 "-" "GuzzleHttp/6.5.1 curl/7.52.1 PHP/7.1.33-8+0~20200202.31+debian9~1.gbp266c28"
51.255.43.108 - - [05/Jul/2020:11:11:01 +0200] "POST /emails/process/take HTTP/1.1" 404 240 "-" "GuzzleHttp/6.5.1 curl/7.52.1 PHP/7.1.33-8+0~20200202.31+debian9~1.gbp266c28"
51.255.43.108 - - [05/Jul/2020:11:12:00 +0200] "POST /tokens/jwt HTTP/1.1" 201 3472 "-" "GuzzleHttp/6.5.1 curl/7.52.1 PHP/7.1.33-8+0~20200202.31+debian9~1.gbp266c28"
51.255.43.108 - - [05/Jul/2020:11:12:01 +0200] "POST /tokens/jwt HTTP/1.1" 201 3472 "-" "GuzzleHttp/6.5.1 curl/7.52.1 PHP/7.1.33-8+0~20200202.31+debian9~1.gbp266c28"
51.255.43.108 - - [05/Jul/2020:11:12:01 +0200] "POST /emails/process/take HTTP/1.1" 404 240 "-" "GuzzleHttp/6.5.1 curl/7.52.1 PHP/7.1.33-8+0~20200202.31+debian9~1.gbp266c28"
216.245.221.83 - - [05/Jul/2020:11:12:42 +0200] "GET /users HTTP/1.1" 401 3537 "https://api.everycheck.com/users" "Mozilla/5.0+(compatible; UptimeRobot/2.0; http://www.uptimerobot.com/)"
51.255.43.108 - - [05/Jul/2020:11:13:00 +0200] "POST /tokens/jwt HTTP/1.1" 201 3472 "-" "GuzzleHttp/6.5.1 curl/7.52.1 PHP/7.1.33-8+0~20200202.31+debian9~1.gbp266c28"
51.255.43.108 - - [05/Jul/2020:11:13:01 +0200] "POST /tokens/jwt HTTP/1.1" 201 3472 "-" "GuzzleHttp/6.5.1 curl/7.52.1 PHP/7.1.33-8+0~20200202.31+debian9~1.gbp266c28"
51.255.43.108 - - [05/Jul/2020:11:13:01 +0200] "POST /emails/process/take HTTP/1.1" 404 240 "-" "GuzzleHttp/6.5.1 curl/7.52.1 PHP/7.1.33-8+0~20200202.31+debian9~1.gbp266c28"
51.210.12.113 - - [05/Jul/2020:11:14:00 +0200] "GET /studies?limit=100&offset=0&filter[cfKind]=agreement&filter[gt_caDate]=2020-07-05%2006%3A14%3A00 HTTP/1.1" 200 3330 "-" "Go-http-client/1.1"
51.255.43.108 - - [05/Jul/2020:11:14:00 +0200] "POST /tokens/jwt HTTP/1.1" 201 3472 "-" "GuzzleHttp/6.5.1 curl/7.52.1 PHP/7.1.33-8+0~20200202.31+debian9~1.gbp266c28"
51.255.43.108 - - [05/Jul/2020:11:14:01 +0200] "POST /tokens/jwt HTTP/1.1" 201 3472 "-" "GuzzleHttp/6.5.1 curl/7.52.1 PHP/7.1.33-8+0~20200202.31+debian9~1.gbp266c28"
51.255.43.108 - - [05/Jul/2020:11:14:01 +0200] "POST /emails/process/take HTTP/1.1" 404 240 "-" "GuzzleHttp/6.5.1 curl/7.52.1 PHP/7.1.33-8+0~20200202.31+debian9~1.gbp266c28"
51.255.43.108 - - [05/Jul/2020:11:15:00 +0200] "POST /tokens/jwt HTTP/1.1" 201 3472 "-" "GuzzleHttp/6.5.1 curl/7.52.1 PHP/7.1.33-8+0~20200202.31+debian9~1.gbp266c28"
51.255.43.108 - - [05/Jul/2020:11:15:01 +0200] "POST /tokens/jwt HTTP/1.1" 201 3472 "-" "GuzzleHttp/6.5.1 curl/7.52.1 PHP/7.1.33-8+0~20200202.31+debian9~1.gbp266c28"
51.255.43.108 - - [05/Jul/2020:11:15:01 +0200] "POST /emails/process/take HTTP/1.1" 404 240 "-" "GuzzleHttp/6.5.1 curl/7.52.1 PHP/7.1.33-8+0~20200202.31+debian9~1.gbp266c28"
51.255.43.108 - - [05/Jul/2020:11:16:00 +0200] "POST /tokens/jwt HTTP/1.1" 201 3472 "-" "GuzzleHttp/6.5.1 curl/7.52.1 PHP/7.1.33-8+0~20200202.31+debian9~1.gbp266c28"
51.255.43.108 - - [05/Jul/2020:11:16:01 +0200] "POST /tokens/jwt HTTP/1.1" 201 3472 "-" "GuzzleHttp/6.5.1 curl/7.52.1 PHP/7.1.33-8+0~20200202.31+debian9~1.gbp266c28"
51.255.43.108 - - [05/Jul/2020:11:16:01 +0200] "POST /emails/process/take HTTP/1.1" 404 240 "-" "GuzzleHttp/6.5.1 curl/7.52.1 PHP/7.1.33-8+0~20200202.31+debian9~1.gbp266c28"
51.255.43.108 - - [05/Jul/2020:11:17:00 +0200] "POST /tokens/jwt HTTP/1.1" 201 3472 "-" "GuzzleHttp/6.5.1 curl/7.52.1 PHP/7.1.33-8+0~20200202.31+debian9~1.gbp266c28"
51.255.43.108 - - [05/Jul/2020:11:17:01 +0200] "POST /tokens/jwt HTTP/1.1" 201 3472 "-" "GuzzleHttp/6.5.1 curl/7.52.1 PHP/7.1.33-8+0~20200202.31+debian9~1.gbp266c28"
51.255.43.108 - - [05/Jul/2020:11:17:01 +0200] "POST /emails/process/take HTTP/1.1" 404 240 "-" "GuzzleHttp/6.5.1 curl/7.52.1 PHP/7.1.33-8+0~20200202.31+debian9~1.gbp266c28"
51.210.12.113 - - [05/Jul/2020:11:18:00 +0200] "GET /studies?limit=100&offset=0&filter[gt_caDate]=2020-07-05%2006%3A18%3A00 HTTP/1.1" 200 3330 "-" "Go-http-client/1.1"
51.255.43.108 - - [05/Jul/2020:11:18:00 +0200] "POST /tokens/jwt HTTP/1.1" 201 3472 "-" "GuzzleHttp/6.5.1 curl/7.52.1 PHP/7.1.33-8+0~20200202.31+debian9~1.gbp266c28"
51.255.43.108 - - [05/Jul/2020:11:18:01 +0200] "POST /tokens/jwt HTTP/1.1" 201 3472 "-" "GuzzleHttp/6.5.1 curl/7.52.1 PHP/7.1.33-8+0~20200202.31+debian9~1.gbp266c28"
51.255.43.108 - - [05/Jul/2020:11:18:01 +0200] "POST /emails/process/take HTTP/1.1" 404 240 "-" "GuzzleHttp/6.5.1 curl/7.52.1 PHP/7.1.33-8+0~20200202.31+debian9~1.gbp266c28"
51.255.43.108 - - [05/Jul/2020:11:19:00 +0200] "POST /tokens/jwt HTTP/1.1" 201 3472 "-" "GuzzleHttp/6.5.1 curl/7.52.1 PHP/7.1.33-8+0~20200202.31+debian9~1.gbp266c28"
51.255.43.108 - - [05/Jul/2020:11:19:01 +0200] "POST /tokens/jwt HTTP/1.1" 201 3472 "-" "GuzzleHttp/6.5.1 curl/7.52.1 PHP/7.1.33-8+0~20200202.31+debian9~1.gbp266c28"
51.255.43.108 - - [05/Jul/2020:11:19:01 +0200] "POST /emails/process/take HTTP/1.1" 404 240 "-" "GuzzleHttp/6.5.1 curl/7.52.1 PHP/7.1.33-8+0~20200202.31+debian9~1.gbp266c28"
51.255.43.108 - - [05/Jul/2020:11:20:00 +0200] "POST /tokens/jwt HTTP/1.1" 201 3472 "-" "GuzzleHttp/6.5.1 curl/7.52.1 PHP/7.1.33-8+0~20200202.31+debian9~1.gbp266c28"
51.255.43.108 - - [05/Jul/2020:11:20:01 +0200] "POST /tokens/jwt HTTP/1.1" 201 3472 "-" "GuzzleHttp/6.5.1 curl/7.52.1 PHP/7.1.33-8+0~20200202.31+debian9~1.gbp266c28"
51.255.43.108 - - [05/Jul/2020:11:20:01 +0200] "POST /emails/process/take HTTP/1.1" 404 240 "-" "GuzzleHttp/6.5.1 curl/7.52.1 PHP/7.1.33-8+0~20200202.31+debian9~1.gbp266c28"
51.255.43.108 - - [05/Jul/2020:11:21:00 +0200] "POST /tokens/jwt HTTP/1.1" 201 3472 "-" "GuzzleHttp/6.5.1 curl/7.52.1 PHP/7.1.33-8+0~20200202.31+debian9~1.gbp266c28"
51.255.43.108 - - [05/Jul/2020:11:21:01 +0200] "POST /tokens/jwt HTTP/1.1" 201 3472 "-" "GuzzleHttp/6.5.1 curl/7.52.1 PHP/7.1.33-8+0~20200202.31+debian9~1.gbp266c28"
51.255.43.108 - - [05/Jul/2020:11:21:01 +0200] "POST /emails/process/take HTTP/1.1" 404 240 "-" "GuzzleHttp/6.5.1 curl/7.52.1 PHP/7.1.33-8+0~20200202.31+debian9~1.gbp266c28"
51.255.43.108 - - [05/Jul/2020:11:22:00 +0200] "POST /tokens/jwt HTTP/1.1" 201 3472 "-" "GuzzleHttp/6.5.1 curl/7.52.1 PHP/7.1.33-8+0~20200202.31+debian9~1.gbp266c28"
51.255.43.108 - - [05/Jul/2020:11:22:01 +0200] "POST /tokens/jwt HTTP/1.1" 201 3472 "-" "GuzzleHttp/6.5.1 curl/7.52.1 PHP/7.1.33-8+0~20200202.31+debian9~1.gbp266c28"
51.255.43.108 - - [05/Jul/2020:11:22:01 +0200] "POST /emails/process/take HTTP/1.1" 404 240 "-" "GuzzleHttp/6.5.1 curl/7.52.1 PHP/7.1.33-8+0~20200202.31+debian9~1.gbp266c28"
81.57.20.146 - - [05/Jul/2020:11:22:34 +0200] "GET /studies?limit=100&offset=0&filter[gt_caDate]=2020-07-02%2013%3A15%3A36 HTTP/1.1" 200 757728 "-" "Go-http-client/1.1"
81.57.20.146 - - [05/Jul/2020:11:22:38 +0200] "GET /studies?limit=100&offset=100&filter[gt_caDate]=2020-07-02%2013%3A15%3A36 HTTP/1.1" 200 812450 "-" "Go-http-client/1.1"
216.245.221.83 - - [05/Jul/2020:11:22:42 +0200] "GET /users HTTP/1.1" 401 3537 "https://api.everycheck.com/users" "Mozilla/5.0+(compatible; UptimeRobot/2.0; http://www.uptimerobot.com/)"
81.57.20.146 - - [05/Jul/2020:11:22:42 +0200] "GET /studies?limit=100&offset=200&filter[gt_caDate]=2020-07-02%2013%3A15%3A36 HTTP/1.1" 200 703046 "-" "Go-http-client/1.1"
81.57.20.146 - - [05/Jul/2020:11:22:45 +0200] "GET /studies?limit=100&offset=300&filter[gt_caDate]=2020-07-02%2013%3A15%3A36 HTTP/1.1" 200 601479 "-" "Go-http-client/1.1"
81.57.20.146 - - [05/Jul/2020:11:22:47 +0200] "GET /studies?limit=100&offset=400&filter[gt_caDate]=2020-07-02%2013%3A15%3A36 HTTP/1.1" 200 256766 "-" "Go-http-client/1.1"
51.255.43.108 - - [05/Jul/2020:11:23:00 +0200] "POST /tokens/jwt HTTP/1.1" 201 3472 "-" "GuzzleHttp/6.5.1 curl/7.52.1 PHP/7.1.33-8+0~20200202.31+debian9~1.gbp266c28"
51.255.43.108 - - [05/Jul/2020:11:23:01 +0200] "POST /tokens/jwt HTTP/1.1" 201 3472 "-" "GuzzleHttp/6.5.1 curl/7.52.1 PHP/7.1.33-8+0~20200202.31+debian9~1.gbp266c28"
51.255.43.108 - - [05/Jul/2020:11:23:01 +0200] "POST /emails/process/take HTTP/1.1" 404 240 "-" "GuzzleHttp/6.5.1 curl/7.52.1 PHP/7.1.33-8+0~20200202.31+debian9~1.gbp266c28"
81.57.20.146 - - [05/Jul/2020:11:23:15 +0200] "GET /studies/222fad28-4548-4e64-9dc4-e9d543d762af HTTP/1.1" 200 6909 "-" "Go-http-client/1.1"
81.57.20.146 - - [05/Jul/2020:11:23:16 +0200] "GET /verification/subjects/222fad28-4548-4e64-9dc4-e9d543d762af/transcripts HTTP/1.1" 200 736 "-" "Go-http-client/1.1"
81.57.20.146 - - [05/Jul/2020:11:23:16 +0200] "GET /studies/4660d62e-a285-4107-a89f-a478313f2b75 HTTP/1.1" 200 2765 "-" "Go-http-client/1.1"
81.57.20.146 - - [05/Jul/2020:11:23:16 +0200] "GET /verification/subjects/4660d62e-a285-4107-a89f-a478313f2b75/transcripts HTTP/1.1" 200 727 "-" "Go-http-client/1.1"
81.57.20.146 - - [05/Jul/2020:11:23:16 +0200] "GET /studies/d7249e34-f8d9-4ac1-8a6b-e4c3b6f73ba4 HTTP/1.1" 200 2824 "-" "Go-http-client/1.1"
81.57.20.146 - - [05/Jul/2020:11:23:16 +0200] "GET /verification/subjects/d7249e34-f8d9-4ac1-8a6b-e4c3b6f73ba4/transcripts HTTP/1.1" 200 724 "-" "Go-http-client/1.1"
81.57.20.146 - - [05/Jul/2020:11:23:16 +0200] "GET /studies/2f050149-b224-4b00-abc8-48c7b22bdf23 HTTP/1.1" 200 3295 "-" "Go-http-client/1.1"
81.57.20.146 - - [05/Jul/2020:11:23:16 +0200] "GET /verification/subjects/2f050149-b224-4b00-abc8-48c7b22bdf23/transcripts HTTP/1.1" 200 1254 "-" "Go-http-client/1.1"
81.57.20.146 - - [05/Jul/2020:11:23:18 +0200] "GET /studies/7f5897b8-f059-446d-9e05-70047f9509ca HTTP/1.1" 200 3431 "-" "Go-http-client/1.1"
81.57.20.146 - - [05/Jul/2020:11:23:18 +0200] "GET /verification/subjects/7f5897b8-f059-446d-9e05-70047f9509ca/transcripts HTTP/1.1" 200 724 "-" "Go-http-client/1.1"
81.57.20.146 - - [05/Jul/2020:11:23:18 +0200] "GET /studies/50d144b6-77cd-497e-a07b-60eade937464 HTTP/1.1" 200 2713 "-" "Go-http-client/1.1"
81.57.20.146 - - [05/Jul/2020:11:23:18 +0200] "GET /verification/subjects/50d144b6-77cd-497e-a07b-60eade937464/transcripts HTTP/1.1" 200 733 "-" "Go-http-client/1.1"
81.57.20.146 - - [05/Jul/2020:11:23:19 +0200] "GET /studies/0407822a-3ca3-49ae-a24f-e38677c7154c HTTP/1.1" 200 2692 "-" "Go-http-client/1.1"
81.57.20.146 - - [05/Jul/2020:11:23:19 +0200] "GET /verification/subjects/0407822a-3ca3-49ae-a24f-e38677c7154c/transcripts HTTP/1.1" 200 731 "-" "Go-http-client/1.1"
81.57.20.146 - - [05/Jul/2020:11:23:20 +0200] "GET /studies/1072b4db-c1b3-41d7-a41c-bed5d6a4315f HTTP/1.1" 200 2672 "-" "Go-http-client/1.1"
81.57.20.146 - - [05/Jul/2020:11:23:20 +0200] "GET /verification/subjects/1072b4db-c1b3-41d7-a41c-bed5d6a4315f/transcripts HTTP/1.1" 200 738 "-" "Go-http-client/1.1"
81.57.20.146 - - [05/Jul/2020:11:23:21 +0200] "GET /studies/8a74fbaf-cb50-4846-86b3-03af6ca4d55d HTTP/1.1" 200 3310 "-" "Go-http-client/1.1"
81.57.20.146 - - [05/Jul/2020:11:23:21 +0200] "GET /verification/subjects/8a74fbaf-cb50-4846-86b3-03af6ca4d55d/transcripts HTTP/1.1" 200 1026 "-" "Go-http-client/1.1"
81.57.20.146 - - [05/Jul/2020:11:23:21 +0200] "GET /studies/c920e386-a2eb-469f-84f7-091ab2e03d7b HTTP/1.1" 200 3294 "-" "Go-http-client/1.1"
81.57.20.146 - - [05/Jul/2020:11:23:21 +0200] "GET /verification/subjects/c920e386-a2eb-469f-84f7-091ab2e03d7b/transcripts HTTP/1.1" 200 740 "-" "Go-http-client/1.1"
81.57.20.146 - - [05/Jul/2020:11:23:22 +0200] "GET /studies/226acc55-4566-4e82-acc6-4c70125cda28 HTTP/1.1" 200 2954 "-" "Go-http-client/1.1"
81.57.20.146 - - [05/Jul/2020:11:23:22 +0200] "GET /verification/subjects/226acc55-4566-4e82-acc6-4c70125cda28/transcripts HTTP/1.1" 200 738 "-" "Go-http-client/1.1"
81.57.20.146 - - [05/Jul/2020:11:23:23 +0200] "GET /studies/90dc1e1f-a226-40a3-a702-ff3191434250 HTTP/1.1" 200 3142 "-" "Go-http-client/1.1"
81.57.20.146 - - [05/Jul/2020:11:23:23 +0200] "GET /verification/subjects/90dc1e1f-a226-40a3-a702-ff3191434250/transcripts HTTP/1.1" 200 2670 "-" "Go-http-client/1.1"
81.57.20.146 - - [05/Jul/2020:11:23:23 +0200] "GET /studies/803b5d5a-5247-4965-baa7-9faab387c61e HTTP/1.1" 200 2858 "-" "Go-http-client/1.1"
81.57.20.146 - - [05/Jul/2020:11:23:23 +0200] "GET /verification/subjects/803b5d5a-5247-4965-baa7-9faab387c61e/transcripts HTTP/1.1" 200 734 "-" "Go-http-client/1.1"
81.57.20.146 - - [05/Jul/2020:11:23:24 +0200] "GET /studies/d2ad2442-4ff4-46e4-948d-92b548e1c513 HTTP/1.1" 200 3587 "-" "Go-http-client/1.1"
81.57.20.146 - - [05/Jul/2020:11:23:24 +0200] "GET /verification/subjects/d2ad2442-4ff4-46e4-948d-92b548e1c513/transcripts HTTP/1.1" 200 1773 "-" "Go-http-client/1.1"
81.57.20.146 - - [05/Jul/2020:11:23:26 +0200] "GET /studies/f04233ef-c08d-4bd1-80a0-cbc25d791fc1 HTTP/1.1" 200 3278 "-" "Go-http-client/1.1"
81.57.20.146 - - [05/Jul/2020:11:23:26 +0200] "GET /verification/subjects/f04233ef-c08d-4bd1-80a0-cbc25d791fc1/transcripts HTTP/1.1" 200 763 "-" "Go-http-client/1.1"
81.57.20.146 - - [05/Jul/2020:11:23:27 +0200] "GET /studies/654f7c19-a883-4abb-a2fc-62812d3b90cf HTTP/1.1" 200 6615 "-" "Go-http-client/1.1"
81.57.20.146 - - [05/Jul/2020:11:23:27 +0200] "GET /verification/subjects/654f7c19-a883-4abb-a2fc-62812d3b90cf/transcripts HTTP/1.1" 200 744 "-" "Go-http-client/1.1"
81.57.20.146 - - [05/Jul/2020:11:23:28 +0200] "GET /studies/83a59e56-76f5-44ab-871b-239193763688 HTTP/1.1" 200 2716 "-" "Go-http-client/1.1"
81.57.20.146 - - [05/Jul/2020:11:23:28 +0200] "GET /verification/subjects/83a59e56-76f5-44ab-871b-239193763688/transcripts HTTP/1.1" 200 740 "-" "Go-http-client/1.1"
81.57.20.146 - - [05/Jul/2020:11:23:28 +0200] "GET /studies/64ae3a47-d0c5-478a-8165-25948efdbcb1 HTTP/1.1" 200 2760 "-" "Go-http-client/1.1"
81.57.20.146 - - [05/Jul/2020:11:23:28 +0200] "GET /verification/subjects/64ae3a47-d0c5-478a-8165-25948efdbcb1/transcripts HTTP/1.1" 200 745 "-" "Go-http-client/1.1"
81.57.20.146 - - [05/Jul/2020:11:23:28 +0200] "GET /studies/5f6eca77-feb7-442c-8f6c-4e08c4fe6a5f HTTP/1.1" 200 2649 "-" "Go-http-client/1.1"
81.57.20.146 - - [05/Jul/2020:11:23:28 +0200] "GET /verification/subjects/5f6eca77-feb7-442c-8f6c-4e08c4fe6a5f/transcripts HTTP/1.1" 200 741 "-" "Go-http-client/1.1"
81.57.20.146 - - [05/Jul/2020:11:23:28 +0200] "GET /studies/6007b28f-68f3-4cd6-9101-3f48dd7ff0ba HTTP/1.1" 200 3610 "-" "Go-http-client/1.1"
81.57.20.146 - - [05/Jul/2020:11:23:28 +0200] "GET /verification/subjects/6007b28f-68f3-4cd6-9101-3f48dd7ff0ba/transcripts HTTP/1.1" 200 1742 "-" "Go-http-client/1.1"
81.57.20.146 - - [05/Jul/2020:11:23:28 +0200] "GET /studies/95610eec-e101-470c-a927-b95beee06f3d HTTP/1.1" 200 3171 "-" "Go-http-client/1.1"
81.57.20.146 - - [05/Jul/2020:11:23:29 +0200] "GET /verification/subjects/95610eec-e101-470c-a927-b95beee06f3d/transcripts HTTP/1.1" 200 775 "-" "Go-http-client/1.1"
81.57.20.146 - - [05/Jul/2020:11:23:29 +0200] "GET /studies/e7454244-da29-45f8-9d23-6955c4edb648 HTTP/1.1" 200 3019 "-" "Go-http-client/1.1"
81.57.20.146 - - [05/Jul/2020:11:23:29 +0200] "GET /verification/subjects/e7454244-da29-45f8-9d23-6955c4edb648/transcripts HTTP/1.1" 200 737 "-" "Go-http-client/1.1"
81.57.20.146 - - [05/Jul/2020:11:23:31 +0200] "GET /studies/c2ff8571-2428-4a7a-8243-24518564ed0f HTTP/1.1" 200 2623 "-" "Go-http-client/1.1"
81.57.20.146 - - [05/Jul/2020:11:23:31 +0200] "GET /verification/subjects/c2ff8571-2428-4a7a-8243-24518564ed0f/transcripts HTTP/1.1" 200 727 "-" "Go-http-client/1.1"
81.57.20.146 - - [05/Jul/2020:11:23:31 +0200] "GET /studies/271fbf6d-88a4-4604-8cc0-85c256e5e529 HTTP/1.1" 200 2948 "-" "Go-http-client/1.1"
81.57.20.146 - - [05/Jul/2020:11:23:31 +0200] "GET /verification/subjects/271fbf6d-88a4-4604-8cc0-85c256e5e529/transcripts HTTP/1.1" 200 1765 "-" "Go-http-client/1.1"
81.57.20.146 - - [05/Jul/2020:11:23:31 +0200] "GET /studies/0bfad05b-a46f-4023-8c34-ca115a2983f8 HTTP/1.1" 200 2818 "-" "Go-http-client/1.1"
81.57.20.146 - - [05/Jul/2020:11:23:31 +0200] "GET /verification/subjects/0bfad05b-a46f-4023-8c34-ca115a2983f8/transcripts HTTP/1.1" 200 736 "-" "Go-http-client/1.1"
81.57.20.146 - - [05/Jul/2020:11:23:31 +0200] "GET /studies/509a1ea0-f43a-43d8-addc-b5562f4651fd HTTP/1.1" 200 2703 "-" "Go-http-client/1.1"
81.57.20.146 - - [05/Jul/2020:11:23:32 +0200] "GET /verification/subjects/509a1ea0-f43a-43d8-addc-b5562f4651fd/transcripts HTTP/1.1" 200 747 "-" "Go-http-client/1.1"
81.57.20.146 - - [05/Jul/2020:11:23:32 +0200] "GET /studies/f5ba4152-dbc4-4230-99da-a21e49ca4216 HTTP/1.1" 200 4159 "-" "Go-http-client/1.1"
81.57.20.146 - - [05/Jul/2020:11:23:32 +0200] "GET /verification/subjects/f5ba4152-dbc4-4230-99da-a21e49ca4216/transcripts HTTP/1.1" 200 1719 "-" "Go-http-client/1.1"
81.57.20.146 - - [05/Jul/2020:11:23:32 +0200] "GET /studies/b374e245-f228-4bd3-b142-be352e200593 HTTP/1.1" 200 3510 "-" "Go-http-client/1.1"
81.57.20.146 - - [05/Jul/2020:11:23:32 +0200] "GET /verification/subjects/b374e245-f228-4bd3-b142-be352e200593/transcripts HTTP/1.1" 200 772 "-" "Go-http-client/1.1"
81.57.20.146 - - [05/Jul/2020:11:23:33 +0200] "GET /studies/fda61e0a-4e85-4f4a-bd9b-a4c33ce022b8 HTTP/1.1" 200 2924 "-" "Go-http-client/1.1"
81.57.20.146 - - [05/Jul/2020:11:23:33 +0200] "GET /verification/subjects/fda61e0a-4e85-4f4a-bd9b-a4c33ce022b8/transcripts HTTP/1.1" 200 1695 "-" "Go-http-client/1.1"
81.57.20.146 - - [05/Jul/2020:11:23:33 +0200] "GET /studies/4aa31a92-02b2-4e2c-ad8c-3ae1de10f237 HTTP/1.1" 200 3150 "-" "Go-http-client/1.1"
81.57.20.146 - - [05/Jul/2020:11:23:33 +0200] "GET /verification/subjects/4aa31a92-02b2-4e2c-ad8c-3ae1de10f237/transcripts HTTP/1.1" 200 744 "-" "Go-http-client/1.1"
81.57.20.146 - - [05/Jul/2020:11:23:33 +0200] "GET /studies/2f1d9707-1926-4dda-aa4c-b5fb4a248720 HTTP/1.1" 200 3472 "-" "Go-http-client/1.1"
81.57.20.146 - - [05/Jul/2020:11:23:33 +0200] "GET /verification/subjects/2f1d9707-1926-4dda-aa4c-b5fb4a248720/transcripts HTTP/1.1" 200 1920 "-" "Go-http-client/1.1"
81.57.20.146 - - [05/Jul/2020:11:23:34 +0200] "GET /studies/28df3427-a44a-436c-a502-7c4609de3e9b HTTP/1.1" 200 3047 "-" "Go-http-client/1.1"
81.57.20.146 - - [05/Jul/2020:11:23:34 +0200] "GET /verification/subjects/28df3427-a44a-436c-a502-7c4609de3e9b/transcripts HTTP/1.1" 200 739 "-" "Go-http-client/1.1"
81.57.20.146 - - [05/Jul/2020:11:23:34 +0200] "GET /studies/93a87c02-a469-47a2-9a95-39912ce6520d HTTP/1.1" 200 3823 "-" "Go-http-client/1.1"
81.57.20.146 - - [05/Jul/2020:11:23:34 +0200] "GET /verification/subjects/93a87c02-a469-47a2-9a95-39912ce6520d/transcripts HTTP/1.1" 200 751 "-" "Go-http-client/1.1"
81.57.20.146 - - [05/Jul/2020:11:23:35 +0200] "GET /studies/9ba04a19-dd78-4991-ba66-ca9b59635040 HTTP/1.1" 200 3050 "-" "Go-http-client/1.1"
81.57.20.146 - - [05/Jul/2020:11:23:35 +0200] "GET /verification/subjects/9ba04a19-dd78-4991-ba66-ca9b59635040/transcripts HTTP/1.1" 200 1697 "-" "Go-http-client/1.1"
81.57.20.146 - - [05/Jul/2020:11:23:35 +0200] "GET /studies/8a9824a2-44ad-40f5-9a77-58ecd1800ab6 HTTP/1.1" 200 2603 "-" "Go-http-client/1.1"
81.57.20.146 - - [05/Jul/2020:11:23:35 +0200] "GET /verification/subjects/8a9824a2-44ad-40f5-9a77-58ecd1800ab6/transcripts HTTP/1.1" 200 727 "-" "Go-http-client/1.1"
81.57.20.146 - - [05/Jul/2020:11:23:36 +0200] "GET /studies/a3ce062c-5a5e-4c87-a313-35635cb0845e HTTP/1.1" 200 2566 "-" "Go-http-client/1.1"
81.57.20.146 - - [05/Jul/2020:11:23:36 +0200] "GET /verification/subjects/a3ce062c-5a5e-4c87-a313-35635cb0845e/transcripts HTTP/1.1" 200 730 "-" "Go-http-client/1.1"
81.57.20.146 - - [05/Jul/2020:11:23:36 +0200] "GET /studies/aa44889b-ad16-43a7-a2b9-aca7fbf83af4 HTTP/1.1" 200 2936 "-" "Go-http-client/1.1"
81.57.20.146 - - [05/Jul/2020:11:23:36 +0200] "GET /verification/subjects/aa44889b-ad16-43a7-a2b9-aca7fbf83af4/transcripts HTTP/1.1" 200 735 "-" "Go-http-client/1.1"
81.57.20.146 - - [05/Jul/2020:11:23:36 +0200] "GET /studies/4de1503a-ab33-4ddb-965c-4fd32e4340fe HTTP/1.1" 200 3163 "-" "Go-http-client/1.1"
81.57.20.146 - - [05/Jul/2020:11:23:36 +0200] "GET /verification/subjects/4de1503a-ab33-4ddb-965c-4fd32e4340fe/transcripts HTTP/1.1" 200 761 "-" "Go-http-client/1.1"
81.57.20.146 - - [05/Jul/2020:11:23:36 +0200] "GET /studies/0feda711-5bb2-49cb-b297-3411a57bcabd HTTP/1.1" 200 3010 "-" "Go-http-client/1.1"
81.57.20.146 - - [05/Jul/2020:11:23:36 +0200] "GET /verification/subjects/0feda711-5bb2-49cb-b297-3411a57bcabd/transcripts HTTP/1.1" 200 1770 "-" "Go-http-client/1.1"
81.57.20.146 - - [05/Jul/2020:11:23:37 +0200] "GET /studies/fd3212e3-8bbc-4911-ab67-fb94bcb43471 HTTP/1.1" 200 2794 "-" "Go-http-client/1.1"
81.57.20.146 - - [05/Jul/2020:11:23:37 +0200] "GET /verification/subjects/fd3212e3-8bbc-4911-ab67-fb94bcb43471/transcripts HTTP/1.1" 200 747 "-" "Go-http-client/1.1"
81.57.20.146 - - [05/Jul/2020:11:23:37 +0200] "GET /studies/04f36dac-6d28-4294-ae75-e70cd0dd629f HTTP/1.1" 200 3485 "-" "Go-http-client/1.1"
81.57.20.146 - - [05/Jul/2020:11:23:37 +0200] "GET /verification/subjects/04f36dac-6d28-4294-ae75-e70cd0dd629f/transcripts HTTP/1.1" 200 1714 "-" "Go-http-client/1.1"
81.57.20.146 - - [05/Jul/2020:11:23:37 +0200] "GET /studies/42c46a49-3ea5-4ed5-882b-cf85da46af31 HTTP/1.1" 200 3921 "-" "Go-http-client/1.1"
81.57.20.146 - - [05/Jul/2020:11:23:37 +0200] "GET /verification/subjects/42c46a49-3ea5-4ed5-882b-cf85da46af31/transcripts HTTP/1.1" 200 744 "-" "Go-http-client/1.1"
81.57.20.146 - - [05/Jul/2020:11:23:37 +0200] "GET /studies/730ca050-d44d-4a29-8852-97cd3e3f7b1a HTTP/1.1" 200 4789 "-" "Go-http-client/1.1"
81.57.20.146 - - [05/Jul/2020:11:23:38 +0200] "GET /verification/subjects/730ca050-d44d-4a29-8852-97cd3e3f7b1a/transcripts HTTP/1.1" 200 1775 "-" "Go-http-client/1.1"
81.57.20.146 - - [05/Jul/2020:11:23:38 +0200] "GET /studies/9b390407-2688-4f9b-916b-8e0860831a90 HTTP/1.1" 200 2858 "-" "Go-http-client/1.1"
81.57.20.146 - - [05/Jul/2020:11:23:38 +0200] "GET /verification/subjects/9b390407-2688-4f9b-916b-8e0860831a90/transcripts HTTP/1.1" 200 1708 "-" "Go-http-client/1.1"
81.57.20.146 - - [05/Jul/2020:11:23:38 +0200] "GET /studies/116b67a8-e58d-4bee-b728-d70b5f1fa122 HTTP/1.1" 200 3080 "-" "Go-http-client/1.1"
81.57.20.146 - - [05/Jul/2020:11:23:39 +0200] "GET /verification/subjects/116b67a8-e58d-4bee-b728-d70b5f1fa122/transcripts HTTP/1.1" 200 2023 "-" "Go-http-client/1.1"
81.57.20.146 - - [05/Jul/2020:11:23:39 +0200] "GET /studies/3a8fcd01-6af6-4cef-b17a-8aa5f61d9890 HTTP/1.1" 200 2981 "-" "Go-http-client/1.1"
81.57.20.146 - - [05/Jul/2020:11:23:39 +0200] "GET /verification/subjects/3a8fcd01-6af6-4cef-b17a-8aa5f61d9890/transcripts HTTP/1.1" 200 1719 "-" "Go-http-client/1.1"
81.57.20.146 - - [05/Jul/2020:11:23:39 +0200] "GET /studies/8e4bed57-68b9-48b4-8757-b3e6dbea49f4 HTTP/1.1" 200 1840 "-" "Go-http-client/1.1"
81.57.20.146 - - [05/Jul/2020:11:23:39 +0200] "GET /verification/subjects/8e4bed57-68b9-48b4-8757-b3e6dbea49f4/transcripts HTTP/1.1" 200 1194 "-" "Go-http-client/1.1"
81.57.20.146 - - [05/Jul/2020:11:23:40 +0200] "GET /studies/eee3b035-d9a7-4a5e-aa59-512487e8b485 HTTP/1.1" 200 2670 "-" "Go-http-client/1.1"
81.57.20.146 - - [05/Jul/2020:11:23:40 +0200] "GET /verification/subjects/eee3b035-d9a7-4a5e-aa59-512487e8b485/transcripts HTTP/1.1" 200 1601 "-" "Go-http-client/1.1"
81.57.20.146 - - [05/Jul/2020:11:23:40 +0200] "GET /studies/a630864b-a51c-4fac-bf21-ae0f01053d00 HTTP/1.1" 200 3417 "-" "Go-http-client/1.1"
81.57.20.146 - - [05/Jul/2020:11:23:40 +0200] "GET /verification/subjects/a630864b-a51c-4fac-bf21-ae0f01053d00/transcripts HTTP/1.1" 200 748 "-" "Go-http-client/1.1"
81.57.20.146 - - [05/Jul/2020:11:23:40 +0200] "GET /studies/7b00bac7-87ff-4911-a7b2-bdef3621d8c1 HTTP/1.1" 200 3312 "-" "Go-http-client/1.1"
81.57.20.146 - - [05/Jul/2020:11:23:40 +0200] "GET /verification/subjects/7b00bac7-87ff-4911-a7b2-bdef3621d8c1/transcripts HTTP/1.1" 200 2204 "-" "Go-http-client/1.1"
81.57.20.146 - - [05/Jul/2020:11:23:40 +0200] "GET /studies/82cb9487-3cb3-424b-b4ae-bdd065e309be HTTP/1.1" 200 2160 "-" "Go-http-client/1.1"
81.57.20.146 - - [05/Jul/2020:11:23:41 +0200] "GET /verification/subjects/82cb9487-3cb3-424b-b4ae-bdd065e309be/transcripts HTTP/1.1" 200 4258 "-" "Go-http-client/1.1"
81.57.20.146 - - [05/Jul/2020:11:23:41 +0200] "GET /studies/5a5254fe-7bac-4baf-864b-03c1e26ce89e HTTP/1.1" 200 4115 "-" "Go-http-client/1.1"
81.57.20.146 - - [05/Jul/2020:11:23:41 +0200] "GET /verification/subjects/5a5254fe-7bac-4baf-864b-03c1e26ce89e/transcripts HTTP/1.1" 200 1776 "-" "Go-http-client/1.1"
81.57.20.146 - - [05/Jul/2020:11:23:41 +0200] "GET /studies/0a9856e6-3532-482f-bc5f-63f63605d15b HTTP/1.1" 200 2251 "-" "Go-http-client/1.1"
81.57.20.146 - - [05/Jul/2020:11:23:41 +0200] "GET /verification/subjects/0a9856e6-3532-482f-bc5f-63f63605d15b/transcripts HTTP/1.1" 200 1388 "-" "Go-http-client/1.1"
81.57.20.146 - - [05/Jul/2020:11:23:41 +0200] "GET /studies/694718a6-a320-4bf8-a067-fd1bff63d9d8 HTTP/1.1" 200 2696 "-" "Go-http-client/1.1"
81.57.20.146 - - [05/Jul/2020:11:23:41 +0200] "GET /verification/subjects/694718a6-a320-4bf8-a067-fd1bff63d9d8/transcripts HTTP/1.1" 200 741 "-" "Go-http-client/1.1"
81.57.20.146 - - [05/Jul/2020:11:23:41 +0200] "GET /studies/00edb0c1-8ad0-44b5-a959-12ba2761d9de HTTP/1.1" 200 3035 "-" "Go-http-client/1.1"
81.57.20.146 - - [05/Jul/2020:11:23:41 +0200] "GET /verification/subjects/00edb0c1-8ad0-44b5-a959-12ba2761d9de/transcripts HTTP/1.1" 200 1173 "-" "Go-http-client/1.1"
81.57.20.146 - - [05/Jul/2020:11:23:42 +0200] "GET /studies/5cb340bc-0bd6-4da4-a4c4-d7e00b801437 HTTP/1.1" 200 2792 "-" "Go-http-client/1.1"
81.57.20.146 - - [05/Jul/2020:11:23:42 +0200] "GET /verification/subjects/5cb340bc-0bd6-4da4-a4c4-d7e00b801437/transcripts HTTP/1.1" 200 750 "-" "Go-http-client/1.1"
81.57.20.146 - - [05/Jul/2020:11:23:42 +0200] "GET /studies/fae673f4-398e-41c6-aae9-ed58183e9ea1 HTTP/1.1" 200 3480 "-" "Go-http-client/1.1"
81.57.20.146 - - [05/Jul/2020:11:23:42 +0200] "GET /verification/subjects/fae673f4-398e-41c6-aae9-ed58183e9ea1/transcripts HTTP/1.1" 200 763 "-" "Go-http-client/1.1"
